---
source: crates/gelx/tests/codegen.rs
expression: "&content"
---
pub mod example {
    use ::gelx::exports as __g;
    /// Execute the desired query.
    pub async fn query(
        client: impl __g::gel_tokio::QueryExecutor,
    ) -> ::core::result::Result<Vec<Output>, __g::gel_errors::Error> {
        client.query(QUERY, &()).await
    }
    pub type Input = ();
    #[derive(::std::fmt::Debug, ::core::clone::Clone, ::core::marker::Copy)]
    pub enum DefaultAccountProvider {
        Github,
    }
    impl ::core::convert::From<DefaultAccountProvider>
    for __g::gel_protocol::value::Value {
        fn from(value: DefaultAccountProvider) -> Self {
            __g::gel_protocol::value::Value::Enum(value.as_ref().into())
        }
    }
    #[derive(::std::fmt::Debug, ::core::clone::Clone)]
    pub struct Output {
        pub provider: DefaultAccountProvider,
    }
    /// The original query string provided to the macro. Can be reused in your codebase.
    pub const QUERY: &str = "select Account { provider }";
}
