---
source: crates/gelx/tests/codegen.rs
expression: "&content"
---
pub mod example {
    use ::gelx::exports as __g;
    /// Execute the desired query.
    pub async fn query(
        client: impl __g::gel_tokio::QueryExecutor,
        props: &Input,
    ) -> ::core::result::Result<Output, __g::gel_errors::Error> {
        client.query_required_single(QUERY, props).await
    }
    #[derive(::std::fmt::Debug, ::core::clone::Clone)]
    pub struct Input {
        pub custom: String,
    }
    impl __g::gel_protocol::query_arg::QueryArgs for Input {
        fn encode(
            &self,
            encoder: &mut __g::gel_protocol::query_arg::Encoder,
        ) -> core::result::Result<(), __g::gel_errors::Error> {
            let map = __g::gel_protocol::named_args! {
                "custom" => self.custom.clone(),
            };
            map.encode(encoder)
        }
    }
    #[derive(::std::fmt::Debug, ::core::clone::Clone)]
    pub struct Output {
        pub hello: String,
        pub custom: String,
    }
    /// The original query string provided to the macro. Can be reused in your codebase.
    pub const QUERY: &str = "select { hello := \"world\", custom := <str>$custom }";
}
